0.012495040893554688, 90172.0
0.22335505485534668, 90173.0
0.22419500350952148, 90174.0
0.2473001480102539, 90175.0
0.2480909824371338, 90176.0
0.38681507110595703, 90177.0
0.4866981506347656, 90178.0
0.5653731822967529, 90179.0
0.5926880836486816, 90180.0
0.5950450897216797, 90181.0
0.6113271713256836, 90182.0
0.6126470565795898, 90183.0
0.6291301250457764, 90184.0
0.6324920654296875, 90185.0
0.6371140480041504, 90186.0
0.7117280960083008, 90187.0
0.7829480171203613, 90188.0
0.8710119724273682, 90189.0
0.9181768894195557, 90190.0
0.962817907333374, 90192.0
0.9672451019287109, 90193.0
0.9930360317230225, 90194.0
1.0459330081939697, 90195.0
1.1095929145812988, 90196.0
1.111187219619751, 90197.0
1.140197992324829, 90198.0
1.146765947341919, 90199.0
1.1541690826416016, 90200.0
1.1583452224731445, 90201.0
1.1701431274414062, 90202.0
1.172767162322998, 90203.0
1.1735930442810059, 90204.0
