0.003184080123901367, 110328.0
0.030213117599487305, 110349.0
0.030898332595825195, 110351.0
0.06839132308959961, 110359.0
0.0695643424987793, 110368.0
0.07077193260192871, 110371.0
0.07099223136901855, 110375.0
0.07332301139831543, 110381.0
0.0785970687866211, 110382.0
0.08912825584411621, 110390.0
0.11392998695373535, 110394.0
0.11801505088806152, 110413.0
0.11821317672729492, 110414.0
0.1183321475982666, 110423.0
0.12538599967956543, 110438.0
0.12541413307189941, 110447.0
0.1372532844543457, 110450.0
0.14206409454345703, 110457.0
0.14324212074279785, 110463.0
0.15833616256713867, 110481.0
0.16327214241027832, 110486.0
0.18052196502685547, 110488.0
0.180833101272583, 110495.0
0.18817830085754395, 110503.0
0.19397711753845215, 110504.0
0.20136499404907227, 110518.0
0.20301103591918945, 110524.0
0.2038130760192871, 110532.0
0.20572209358215332, 110533.0
0.21240615844726562, 110544.0
0.21245527267456055, 110554.0
0.21283507347106934, 110558.0
0.22477412223815918, 110563.0
0.2356271743774414, 110571.0
0.24061799049377441, 110575.0
0.24267816543579102, 110589.0
0.24980926513671875, 110590.0
0.2553861141204834, 110597.0
0.263944149017334, 110598.0
0.2696511745452881, 110625.0
