0.0011398792266845703, 54046.0
0.00625920295715332, 54053.0
0.00814199447631836, 54056.0
0.011777877807617188, 54069.0
0.011793136596679688, 54082.0
0.01761913299560547, 54087.0
0.018550872802734375, 54093.0
0.025190114974975586, 54095.0
0.028471946716308594, 54096.0
0.028606176376342773, 54106.0
0.02984309196472168, 54117.0
0.03913092613220215, 54119.0
0.03993105888366699, 54125.0
0.04016900062561035, 54133.0
0.04018592834472656, 54195.0
0.04438900947570801, 54230.0
0.04550290107727051, 54234.0
0.04819488525390625, 54238.0
0.05187797546386719, 54245.0
0.05584287643432617, 54274.0
0.06198692321777344, 54280.0
0.06685614585876465, 54288.0
0.06703495979309082, 54292.0
0.06806111335754395, 54298.0
0.07191109657287598, 54302.0
0.07458710670471191, 54315.0
0.07667803764343262, 54317.0
0.07774209976196289, 54354.0
0.0783541202545166, 54380.0
0.07975602149963379, 54384.0
0.08070111274719238, 54393.0
0.08521413803100586, 54407.0
0.09148883819580078, 54411.0
0.09276509284973145, 54421.0
0.09918403625488281, 54485.0
0.10400700569152832, 54503.0
