0.0025429725646972656, 17834.0
0.04331612586975098, 17836.0
0.046441078186035156, 17837.0
0.04968404769897461, 17840.0
0.10335803031921387, 17841.0
0.10519099235534668, 17844.0
0.11943197250366211, 17845.0
0.12518906593322754, 17849.0
0.13321781158447266, 17850.0
0.13404083251953125, 17851.0
0.1361219882965088, 17852.0
0.13869285583496094, 17856.0
0.15749692916870117, 17858.0
0.1575467586517334, 17859.0
0.16315293312072754, 17860.0
0.17078685760498047, 17861.0
0.1709909439086914, 17862.0
0.17157578468322754, 17863.0
0.1716320514678955, 17864.0
0.19431090354919434, 17865.0
0.19466686248779297, 17868.0
0.1981830596923828, 17869.0
0.2159121036529541, 17872.0
0.23371601104736328, 17874.0
0.23576593399047852, 17880.0
0.25536012649536133, 17881.0
0.28118205070495605, 17882.0
0.28518009185791016, 17883.0
0.2999749183654785, 17884.0
0.3030118942260742, 17886.0
0.3392210006713867, 17888.0
0.34557604789733887, 17890.0
0.3490457534790039, 17891.0
0.35894298553466797, 17894.0
0.3631589412689209, 17895.0
0.36910200119018555, 17898.0
0.38271284103393555, 17899.0
0.3838369846343994, 17901.0
0.38448095321655273, 17905.0
0.3853631019592285, 17906.0
0.38542985916137695, 17907.0
0.3858520984649658, 17910.0
0.3927178382873535, 17911.0
0.40070009231567383, 17912.0
0.40957188606262207, 17914.0
0.4144778251647949, 17917.0
0.4158768653869629, 17920.0
0.4172828197479248, 17922.0
0.41945409774780273, 17924.0
0.4208519458770752, 17926.0
0.4426231384277344, 17927.0
0.44657015800476074, 17928.0
0.47839999198913574, 17930.0
0.4821038246154785, 17931.0
0.4879310131072998, 17932.0
0.4904789924621582, 17933.0
0.4933290481567383, 17934.0
0.4933938980102539, 17936.0
0.4988389015197754, 17937.0
0.4996218681335449, 17940.0
0.5016880035400391, 17943.0
0.5030617713928223, 17946.0
0.5118839740753174, 17948.0
0.5143129825592041, 17949.0
0.5246727466583252, 17950.0
0.5312857627868652, 17951.0
0.5312929153442383, 17953.0
0.5384879112243652, 17955.0
0.5433859825134277, 17956.0
0.5690488815307617, 17957.0
0.5741889476776123, 17959.0
0.5888009071350098, 17960.0
0.5890898704528809, 17961.0
0.5898478031158447, 17962.0
0.6015467643737793, 17964.0
0.6020669937133789, 17967.0
0.6024420261383057, 17968.0
0.6083848476409912, 17971.0
0.619966983795166, 17972.0
0.6202788352966309, 17976.0
0.6447467803955078, 17978.0
0.6506059169769287, 17979.0
0.6561548709869385, 17982.0
0.6717128753662109, 17986.0
0.6718509197235107, 17987.0
0.6771018505096436, 17988.0
0.6775031089782715, 17989.0
0.6982309818267822, 17992.0
0.6985759735107422, 17994.0
0.7171130180358887, 17995.0
0.760404109954834, 17996.0
0.7646758556365967, 17999.0
0.7856731414794922, 18002.0
0.7954349517822266, 18004.0
0.7955119609832764, 18006.0
0.8021509647369385, 18007.0
0.8177580833435059, 18010.0
0.8330860137939453, 18012.0
0.8357541561126709, 18015.0
0.8369638919830322, 18018.0
0.837028980255127, 18019.0
0.8448479175567627, 18020.0
0.8476860523223877, 18023.0
0.8557569980621338, 18025.0
0.8622298240661621, 18026.0
0.869027853012085, 18027.0
0.8874549865722656, 18029.0
0.9013080596923828, 18030.0
0.9015440940856934, 18031.0
0.9016962051391602, 18034.0
0.9202170372009277, 18035.0
0.920403003692627, 18036.0
0.9340507984161377, 18037.0
0.9353318214416504, 18040.0
0.9360878467559814, 18041.0
0.9547719955444336, 18042.0
0.9551570415496826, 18045.0
0.9615378379821777, 18046.0
0.9631068706512451, 18047.0
0.9636681079864502, 18049.0
0.9665460586547852, 18050.0
0.9672689437866211, 18051.0
