0.008204221725463867, 276371.0
0.06850624084472656, 276373.0
0.07843732833862305, 276374.0
0.11070919036865234, 276376.0
0.11181020736694336, 276380.0
0.13991212844848633, 276381.0
0.14031696319580078, 276382.0
0.1442580223083496, 276383.0
0.17916321754455566, 276384.0
0.18100214004516602, 276385.0
0.18193411827087402, 276386.0
0.2150862216949463, 276389.0
0.21775007247924805, 276392.0
0.21988415718078613, 276393.0
0.2239212989807129, 276394.0
0.22414207458496094, 276395.0
0.2277681827545166, 276396.0
0.22795915603637695, 276397.0
0.2291240692138672, 276400.0
0.23287415504455566, 276401.0
0.24531197547912598, 276402.0
0.25106215476989746, 276403.0
0.2520923614501953, 276404.0
0.2786240577697754, 276405.0
0.27927207946777344, 276410.0
0.279285192489624, 276412.0
0.2863330841064453, 276416.0
0.3132302761077881, 276417.0
0.31626129150390625, 276419.0
0.3216431140899658, 276420.0
0.32259106636047363, 276422.0
0.326754093170166, 276424.0
0.3496572971343994, 276427.0
0.37079811096191406, 276431.0
0.3782200813293457, 276434.0
0.38375306129455566, 276437.0
0.3867051601409912, 276438.0
0.38753223419189453, 276441.0
0.39022326469421387, 276444.0
0.39521217346191406, 276446.0
0.3986501693725586, 276449.0
0.39885807037353516, 276450.0
0.39972829818725586, 276451.0
0.4034082889556885, 276452.0
0.4037051200866699, 276457.0
