0.00994420051574707, 563534.0
0.23632597923278809, 563537.0
0.44253110885620117, 563538.0
0.6981639862060547, 563541.0
0.728142261505127, 563543.0
0.7739970684051514, 563544.0
0.7794451713562012, 563545.0
0.7883279323577881, 563546.0
0.793175220489502, 563547.0
0.7992031574249268, 563550.0
0.8035998344421387, 563551.0
0.8132061958312988, 563556.0
0.8568038940429688, 563558.0
0.8635740280151367, 563559.0
0.8663430213928223, 563560.0
0.8686389923095703, 563563.0
0.8731379508972168, 563568.0
0.9248142242431641, 563570.0
0.9389309883117676, 563571.0
0.9509990215301514, 563572.0
0.968311071395874, 563573.0
0.9915761947631836, 563575.0
1.1116230487823486, 563578.0
1.1314260959625244, 563579.0
1.1692450046539307, 563582.0
1.1705689430236816, 563585.0
1.173591136932373, 563586.0
1.2120490074157715, 563588.0
1.2211999893188477, 563589.0
1.2222440242767334, 563591.0
1.2279062271118164, 563592.0
1.2312610149383545, 563593.0
1.244131088256836, 563594.0
1.274285078048706, 563595.0
1.2748911380767822, 563597.0
1.284390926361084, 563598.0
1.2855901718139648, 563600.0
1.3037991523742676, 563602.0
1.334334135055542, 563603.0
1.3375189304351807, 563604.0
1.344815969467163, 563605.0
1.3718039989471436, 563607.0
1.3761098384857178, 563608.0
1.3770718574523926, 563610.0
1.3940050601959229, 563612.0
1.3952300548553467, 563614.0
1.3984880447387695, 563615.0
1.405346155166626, 563616.0
1.4115281105041504, 563617.0
1.4198541641235352, 563618.0
1.4212849140167236, 563620.0
1.4564659595489502, 563623.0
1.4653809070587158, 563625.0
1.4668219089508057, 563627.0
1.4688048362731934, 563628.0
1.46881103515625, 563630.0
1.4704699516296387, 563631.0
1.4717910289764404, 563635.0
1.4963657855987549, 563637.0
1.518477201461792, 563639.0
1.5213019847869873, 563640.0
1.5269010066986084, 563641.0
1.5290019512176514, 563642.0
1.5306050777435303, 563643.0
1.5360140800476074, 563644.0
1.53849196434021, 563647.0
