0.00036716461181640625, 1463.0
0.0013260841369628906, 1465.0
0.002832174301147461, 1473.0
0.00386810302734375, 1482.0
0.004390239715576172, 1489.0
0.004446268081665039, 1493.0
0.005898952484130859, 1494.0
0.01133418083190918, 1498.0
0.013231039047241211, 1501.0
0.013364315032958984, 1522.0
0.018367290496826172, 1526.0
0.018402099609375, 1533.0
0.0184781551361084, 1548.0
0.018561124801635742, 1549.0
0.020186185836791992, 1555.0
0.021227121353149414, 1556.0
0.022114992141723633, 1564.0
0.024111032485961914, 1565.0
0.02558112144470215, 1567.0
0.02560114860534668, 1568.0
0.02624201774597168, 1577.0
0.03213000297546387, 1583.0
0.03490924835205078, 1590.0
0.036434173583984375, 1591.0
0.04090619087219238, 1634.0
