0.005415916442871094, 44238.0
0.10844802856445312, 44239.0
0.16554999351501465, 44240.0
0.1806340217590332, 44241.0
0.2096719741821289, 44242.0
0.3008542060852051, 44243.0
0.3050038814544678, 44245.0
0.3221449851989746, 44246.0
0.3474130630493164, 44248.0
0.3485231399536133, 44249.0
0.3587839603424072, 44251.0
0.3629310131072998, 44255.0
0.3697659969329834, 44257.0
0.38002705574035645, 44259.0
0.3914198875427246, 44260.0
0.39427804946899414, 44261.0
0.39627981185913086, 44262.0
0.40164804458618164, 44263.0
0.43669581413269043, 44264.0
0.4501609802246094, 44265.0
0.45888590812683105, 44266.0
0.46387600898742676, 44267.0
0.46503520011901855, 44268.0
0.4867730140686035, 44269.0
0.4955589771270752, 44270.0
0.5092089176177979, 44272.0
0.5260708332061768, 44275.0
0.5480248928070068, 44277.0
0.5830738544464111, 44278.0
0.5897071361541748, 44279.0
0.5898251533508301, 44280.0
0.5924198627471924, 44282.0
0.5928769111633301, 44283.0
0.6137869358062744, 44284.0
0.615441083908081, 44286.0
0.6498889923095703, 44287.0
0.6506588459014893, 44288.0
0.6948919296264648, 44289.0
0.6961779594421387, 44290.0
0.7298870086669922, 44291.0
0.7362241744995117, 44292.0
0.7518317699432373, 44293.0
0.7554759979248047, 44294.0
0.7618789672851562, 44295.0
0.7689728736877441, 44297.0
0.778764009475708, 44299.0
0.7836289405822754, 44300.0
0.7890088558197021, 44301.0
0.8232440948486328, 44303.0
0.8389668464660645, 44304.0
0.8404049873352051, 44305.0
0.8407649993896484, 44306.0
0.8524940013885498, 44309.0
0.8562510013580322, 44312.0
0.8577418327331543, 44314.0
0.8648221492767334, 44315.0
0.8688359260559082, 44316.0
0.8855078220367432, 44317.0
0.9384448528289795, 44318.0
0.939384937286377, 44320.0
0.9435679912567139, 44321.0
0.9637739658355713, 44323.0
0.9698450565338135, 44324.0
0.9762048721313477, 44325.0
1.0198500156402588, 44328.0
1.0211999416351318, 44329.0
1.0642011165618896, 44330.0
1.0646800994873047, 44331.0
1.0727818012237549, 44332.0
1.1006059646606445, 44333.0
1.1131401062011719, 44335.0
1.1250278949737549, 44336.0
1.1263020038604736, 44337.0
1.1295709609985352, 44338.0
1.1312179565429688, 44339.0
1.1567308902740479, 44341.0
1.1732430458068848, 44342.0
1.1847288608551025, 44343.0
1.190526008605957, 44344.0
1.1908681392669678, 44345.0
1.1937298774719238, 44346.0
1.1972529888153076, 44347.0
1.2059800624847412, 44348.0
1.2235758304595947, 44349.0
1.2244830131530762, 44350.0
1.2337570190429688, 44351.0
1.2344939708709717, 44352.0
1.248661994934082, 44355.0
1.2533788681030273, 44356.0
